../Core/Src/main.c:110:5:main	8	static
../Core/Src/main.c:229:6:SystemClock_Config	88	static
../Core/Src/main.c:275:13:MX_USART1_UART_Init	8	static
../Core/Src/main.c:306:13:MX_DMA_Init	16	static
../Core/Src/main.c:327:13:MX_GPIO_Init	48	static
../Core/Src/main.c:413:6:StartTask01	16	static
../Core/Src/main.c:429:6:StartTask02	16	static
../Core/Src/main.c:443:6:StartTask03	16	static
../Core/Src/main.c:457:6:StartTask04	16	static
../Core/Src/main.c:472:6:HAL_TIM_PeriodElapsedCallback	16	static
../Core/Src/main.c:490:6:Error_Handler	4	static,ignoring_inline_asm
