../Core/Src/sse_server.c:77:12:build_sse_frame	528	static
../Core/Src/sse_server.c:135:13:client_slot_clear	24	static
../Core/Src/sse_server.c:158:13:sse_err_cb	16	static
../Core/Src/sse_server.c:175:14:sse_recv_cb	24	static
../Core/Src/sse_server.c:205:14:sse_accept_cb	32	static
../Core/Src/sse_server.c:264:13:sse_do_push	376	static
../Core/Src/sse_server.c:311:13:sse_server_setup	24	static
../Core/Src/sse_server.c:344:6:SSE_Server_Init	8	static
../Core/Src/sse_server.c:350:6:SSE_Push_Snapshot	16	static
